Backend: http://localhost:5050
Frontend: http://localhost:5555 (bun)

  VITE v7.2.2  ready in 97 ms

  ➜  Local:   http://localhost:5555/
  ➜  Network: http://192.168.0.206:5555/
Database initialized successfully (postgresql://postgres:postgres@localhost:5432/jaseci_benchmark)
Starting API server on http://localhost:5050
[2025-11-24 15:48:49,899] WARNING in _internal: Werkzeug appears to be used in a production deployment. Consider switching to a production web server instead.
 * Serving Flask app 'backend.app'
 * Debug mode: on
[2025-11-24 15:48:49,904] INFO in _internal: [31m[1mWARNING: This is a development server. Do not use it in a production deployment. Use a production WSGI server instead.[0m
 * Running on all addresses (0.0.0.0)
 * Running on http://127.0.0.1:5050
 * Running on http://192.168.0.206:5050
[2025-11-24 15:48:49,904] INFO in _internal: [33mPress CTRL+C to quit[0m
[2025-11-24 15:48:49,904] INFO in _internal:  * Restarting with stat
Database initialized successfully (postgresql://postgres:postgres@localhost:5432/jaseci_benchmark)
Starting API server on http://localhost:5050
[2025-11-24 15:48:50,660] WARNING in _internal: Werkzeug appears to be used in a production deployment. Consider switching to a production web server instead.
[2025-11-24 15:48:50,663] WARNING in _internal:  * Debugger is active!
[2025-11-24 15:48:50,666] INFO in _internal:  * Debugger PIN: 118-076-185
[2025-11-24 15:48:50,683] DEBUG in app: ============================================================
[2025-11-24 15:48:50,683] DEBUG in app: REQUEST: GET /api/models
[2025-11-24 15:48:50,683] DEBUG in app: Remote Address: 127.0.0.1
[2025-11-24 15:48:50,683] DEBUG in app: ============================================================
[2025-11-24 15:48:50,685] DEBUG in app: ============================================================
[2025-11-24 15:48:50,685] DEBUG in app: REQUEST: GET /api/variants
[2025-11-24 15:48:50,685] DEBUG in app: Remote Address: 127.0.0.1
[2025-11-24 15:48:50,686] DEBUG in app: ============================================================
[2025-11-24 15:48:50,692] DEBUG in app: ============================================================
[2025-11-24 15:48:50,693] DEBUG in app: REQUEST: GET /api/test-files
[2025-11-24 15:48:50,693] DEBUG in app: Remote Address: 127.0.0.1
[2025-11-24 15:48:50,695] DEBUG in app: ============================================================
[2025-11-24 15:48:50,696] DEBUG in app: ============================================================
[2025-11-24 15:48:50,696] DEBUG in app: REQUEST: GET /api/stashes
[2025-11-24 15:48:50,697] DEBUG in app: Remote Address: 127.0.0.1
[2025-11-24 15:48:50,698] DEBUG in app: ============================================================
[2025-11-24 15:48:50,697] DEBUG in app: RESPONSE: GET /api/variants - Status: 200
[2025-11-24 15:48:50,699] INFO in _internal: 127.0.0.1 - - [24/Nov/2025 15:48:50] "GET /api/variants HTTP/1.1" 200 -
[2025-11-24 15:48:50,701] DEBUG in app: ============================================================
[2025-11-24 15:48:50,702] DEBUG in app: REQUEST: GET /api/env-status
[2025-11-24 15:48:50,704] DEBUG in app: Remote Address: 127.0.0.1
[2025-11-24 15:48:50,704] DEBUG in app: ============================================================
[2025-11-24 15:48:50,704] DEBUG in app: RESPONSE: GET /api/env-status - Status: 200
[2025-11-24 15:48:50,705] INFO in _internal: 127.0.0.1 - - [24/Nov/2025 15:48:50] "GET /api/env-status HTTP/1.1" 200 -
[2025-11-24 15:48:50,705] DEBUG in app: ============================================================
[2025-11-24 15:48:50,704] DEBUG in app: ============================================================
[2025-11-24 15:48:50,708] DEBUG in app: REQUEST: GET /api/stats
[2025-11-24 15:48:50,707] DEBUG in app: REQUEST: GET /api/variants
[2025-11-24 15:48:50,710] DEBUG in app: Remote Address: 127.0.0.1
[2025-11-24 15:48:50,710] DEBUG in app: ============================================================
[2025-11-24 15:48:50,709] DEBUG in app: Remote Address: 127.0.0.1
[2025-11-24 15:48:50,712] DEBUG in app: ============================================================
[2025-11-24 15:48:50,710] DEBUG in app: ============================================================
[2025-11-24 15:48:50,711] DEBUG in app: RESPONSE: GET /api/test-files - Status: 200
[2025-11-24 15:48:50,714] INFO in _internal: 127.0.0.1 - - [24/Nov/2025 15:48:50] "GET /api/test-files HTTP/1.1" 200 -
[2025-11-24 15:48:50,713] DEBUG in app: REQUEST: GET /api/env-status
[2025-11-24 15:48:50,714] DEBUG in app: Remote Address: 127.0.0.1
[2025-11-24 15:48:50,714] DEBUG in app: ============================================================
[2025-11-24 15:48:50,714] DEBUG in app: RESPONSE: GET /api/variants - Status: 200
[2025-11-24 15:48:50,714] DEBUG in app: RESPONSE: GET /api/stats - Status: 500
[2025-11-24 15:48:50,716] DEBUG in app: RESPONSE: GET /api/env-status - Status: 200
[2025-11-24 15:48:50,717] DEBUG in app: ============================================================
[2025-11-24 15:48:50,717] INFO in _internal: 127.0.0.1 - - [24/Nov/2025 15:48:50] "GET /api/variants HTTP/1.1" 200 -
[2025-11-24 15:48:50,718] INFO in _internal: 127.0.0.1 - - [24/Nov/2025 15:48:50] "[35m[1mGET /api/stats HTTP/1.1[0m" 500 -
[2025-11-24 15:48:50,720] INFO in _internal: 127.0.0.1 - - [24/Nov/2025 15:48:50] "GET /api/env-status HTTP/1.1" 200 -
[2025-11-24 15:48:50,720] DEBUG in app: REQUEST: GET /api/test-files
[2025-11-24 15:48:50,721] DEBUG in app: Remote Address: 127.0.0.1
[2025-11-24 15:48:50,721] DEBUG in app: ============================================================
[2025-11-24 15:48:50,727] DEBUG in app: ============================================================
[2025-11-24 15:48:50,727] DEBUG in app: REQUEST: GET /api/stats
[2025-11-24 15:48:50,727] DEBUG in app: Remote Address: 127.0.0.1
[2025-11-24 15:48:50,727] DEBUG in app: ============================================================
[2025-11-24 15:48:50,727] DEBUG in app: RESPONSE: GET /api/test-files - Status: 200
[2025-11-24 15:48:50,728] INFO in _internal: 127.0.0.1 - - [24/Nov/2025 15:48:50] "GET /api/test-files HTTP/1.1" 200 -
[2025-11-24 15:48:50,728] DEBUG in app: RESPONSE: GET /api/stats - Status: 500
[2025-11-24 15:48:50,730] INFO in _internal: 127.0.0.1 - - [24/Nov/2025 15:48:50] "[35m[1mGET /api/stats HTTP/1.1[0m" 500 -
[2025-11-24 15:48:50,744] DEBUG in app: RESPONSE: GET /api/stashes - Status: 200
[2025-11-24 15:48:50,744] INFO in _internal: 127.0.0.1 - - [24/Nov/2025 15:48:50] "GET /api/stashes HTTP/1.1" 200 -
[2025-11-24 15:48:50,747] DEBUG in app: ============================================================
[2025-11-24 15:48:50,747] DEBUG in app: REQUEST: GET /api/stashes
[2025-11-24 15:48:50,747] DEBUG in app: Remote Address: 127.0.0.1
[2025-11-24 15:48:50,747] DEBUG in app: ============================================================
[2025-11-24 15:48:50,772] DEBUG in connectionpool: Starting new HTTPS connection (1): openrouter.ai:443
[2025-11-24 15:48:50,791] DEBUG in app: RESPONSE: GET /api/stashes - Status: 200
[2025-11-24 15:48:50,791] INFO in _internal: 127.0.0.1 - - [24/Nov/2025 15:48:50] "GET /api/stashes HTTP/1.1" 200 -
[2025-11-24 15:48:50,995] DEBUG in connectionpool: https://openrouter.ai:443 "GET /api/v1/models HTTP/1.1" 200 None
[2025-11-24 15:48:51,104] DEBUG in app: RESPONSE: GET /api/models - Status: 200
[2025-11-24 15:48:51,105] INFO in _internal: 127.0.0.1 - - [24/Nov/2025 15:48:51] "GET /api/models HTTP/1.1" 200 -
[2025-11-24 15:48:51,107] DEBUG in app: ============================================================
[2025-11-24 15:48:51,107] DEBUG in app: REQUEST: GET /api/models
[2025-11-24 15:48:51,107] DEBUG in app: Remote Address: 127.0.0.1
[2025-11-24 15:48:51,107] DEBUG in app: ============================================================
[2025-11-24 15:48:51,132] DEBUG in app: ============================================================
[2025-11-24 15:48:51,132] DEBUG in app: REQUEST: GET /api/running
[2025-11-24 15:48:51,132] DEBUG in app: Remote Address: 127.0.0.1
[2025-11-24 15:48:51,133] DEBUG in app: ============================================================
[2025-11-24 15:48:51,134] DEBUG in app: RESPONSE: GET /api/running - Status: 200
[2025-11-24 15:48:51,135] INFO in _internal: 127.0.0.1 - - [24/Nov/2025 15:48:51] "GET /api/running HTTP/1.1" 200 -
[2025-11-24 15:48:51,134] INFO in _internal: 127.0.0.1 - - [24/Nov/2025 15:48:51] "GET /socket.io/?EIO=4&transport=polling&t=mdfw974l HTTP/1.1" 200 -
[2025-11-24 15:48:51,134] INFO in _internal: 127.0.0.1 - - [24/Nov/2025 15:48:51] "GET /socket.io/?EIO=4&transport=polling&t=mdfw9ga6 HTTP/1.1" 200 -
[2025-11-24 15:48:51,137] DEBUG in app: ============================================================
[2025-11-24 15:48:51,138] DEBUG in app: REQUEST: GET /api/running
[2025-11-24 15:48:51,138] DEBUG in app: Remote Address: 127.0.0.1
[2025-11-24 15:48:51,138] DEBUG in app: ============================================================
[2025-11-24 15:48:51,138] DEBUG in app: RESPONSE: GET /api/running - Status: 200
[2025-11-24 15:48:51,139] INFO in _internal: 127.0.0.1 - - [24/Nov/2025 15:48:51] "GET /api/running HTTP/1.1" 200 -
[2025-11-24 15:48:51,140] INFO in _internal: 127.0.0.1 - - [24/Nov/2025 15:48:51] "GET /socket.io/?EIO=4&transport=polling&t=mdfwhxl1&sid=QtipdVAol8MzKk47AAAA HTTP/1.1" 200 -
[2025-11-24 15:48:51,138] DEBUG in connectionpool: Starting new HTTPS connection (1): openrouter.ai:443
[2025-11-24 15:48:51,140] INFO in _internal: 127.0.0.1 - - [24/Nov/2025 15:48:51] "POST /socket.io/?EIO=4&transport=polling&t=mdfwh33l&sid=QtipdVAol8MzKk47AAAA HTTP/1.1" 200 -
[2025-11-24 15:48:51,145] INFO in _internal: 127.0.0.1 - - [24/Nov/2025 15:48:51] "GET /socket.io/?EIO=4&transport=polling&t=mdfwn10p&sid=QtipdVAol8MzKk47AAAA HTTP/1.1" 200 -
[2025-11-24 15:48:51,266] DEBUG in connectionpool: https://openrouter.ai:443 "GET /api/v1/models HTTP/1.1" 200 None
[2025-11-24 15:48:51,296] DEBUG in app: RESPONSE: GET /api/models - Status: 200
[2025-11-24 15:48:51,296] INFO in _internal: 127.0.0.1 - - [24/Nov/2025 15:48:51] "GET /api/models HTTP/1.1" 200 -
